+--- org.ethereum:solcJ-all:0.4.25
+--- org.web3j:core:4.5.0
|    +--- org.web3j:abi:4.5.0
|    |    \--- org.web3j:utils:4.5.0
|    |         \--- org.bouncycastle:bcprov-jdk15on:1.61
|    +--- org.web3j:crypto:4.5.0
|    |    +--- org.web3j:abi:4.5.0 (*)
|    |    +--- org.web3j:rlp:4.5.0
|    |    |    \--- org.web3j:utils:4.5.0 (*)
|    |    +--- org.web3j:utils:4.5.0 (*)
|    |    +--- org.slf4j:slf4j-api:1.7.25
|    |    \--- com.fasterxml.jackson.core:jackson-databind:2.8.5
|    |         +--- com.fasterxml.jackson.core:jackson-annotations:2.8.0
|    |         \--- com.fasterxml.jackson.core:jackson-core:2.8.5
|    +--- org.web3j:tuples:4.5.0
|    +--- com.github.jnr:jnr-unixsocket:0.21
|    |    +--- com.github.jnr:jnr-ffi:2.1.9
|    |    |    +--- com.github.jnr:jffi:1.2.17
|    |    |    +--- com.github.jnr:jffi:1.2.16 -> 1.2.17
|    |    |    +--- org.ow2.asm:asm:5.0.3
|    |    |    +--- org.ow2.asm:asm-commons:5.0.3
|    |    |    |    \--- org.ow2.asm:asm-tree:5.0.3
|    |    |    |         \--- org.ow2.asm:asm:5.0.3
|    |    |    +--- org.ow2.asm:asm-analysis:5.0.3
|    |    |    |    \--- org.ow2.asm:asm-tree:5.0.3 (*)
|    |    |    +--- org.ow2.asm:asm-tree:5.0.3 (*)
|    |    |    +--- org.ow2.asm:asm-util:5.0.3
|    |    |    |    \--- org.ow2.asm:asm-tree:5.0.3 (*)
|    |    |    +--- com.github.jnr:jnr-a64asm:1.0.0
|    |    |    \--- com.github.jnr:jnr-x86asm:1.0.2
|    |    +--- com.github.jnr:jnr-constants:0.9.11
|    |    +--- com.github.jnr:jnr-enxio:0.19
|    |    |    +--- com.github.jnr:jnr-constants:0.9.11
|    |    |    \--- com.github.jnr:jnr-ffi:2.1.9 (*)
|    |    \--- com.github.jnr:jnr-posix:3.0.47
|    |         +--- com.github.jnr:jnr-ffi:2.1.8 -> 2.1.9 (*)
|    |         \--- com.github.jnr:jnr-constants:0.9.9 -> 0.9.11
|    +--- com.squareup.okhttp3:okhttp:3.8.1
|    |    \--- com.squareup.okio:okio:1.13.0
|    +--- com.squareup.okhttp3:logging-interceptor:3.8.1
|    |    \--- com.squareup.okhttp3:okhttp:3.8.1 (*)
|    +--- io.reactivex.rxjava2:rxjava:2.2.2
|    |    \--- org.reactivestreams:reactive-streams:1.0.2
|    +--- org.java-websocket:Java-WebSocket:1.3.8
|    +--- com.fasterxml.jackson.core:jackson-databind:2.8.5 (*)
|    \--- org.slf4j:slf4j-api:1.7.25
+--- ch.qos.logback:logback-core:1.2.3
\--- ch.qos.logback:logback-classic:1.2.3
     +--- ch.qos.logback:logback-core:1.2.3
     \--- org.slf4j:slf4j-api:1.7.25
